---
http_interactions:
- request:
    method: post
    uri: http://sample.example.com:3000/locomotive/api/tokens.json?auth_token=sqNuhpNxPhaKxN6z1qDs
    body:
      encoding: US-ASCII
      string: email=admin%40locomotivecms.com&password=locomotive
    headers: {}
  response:
    status:
      code: 200
      message: ! 'OK '
    headers:
      Location:
      - http://sample.example.com:3000/locomotive/
      Content-Type:
      - application/json; charset=utf-8
      X-Ua-Compatible:
      - IE=Edge
      Etag:
      - ! '"5ebee552fa27435adee37f9f1bc20706"'
      Cache-Control:
      - max-age=0, private, must-revalidate
      X-Request-Id:
      - f39c9b2547076be55c6b91393f27c884
      X-Runtime:
      - '0.015182'
      Server:
      - WEBrick/1.3.1 (Ruby/1.9.3/2013-02-22)
      Date:
      - Tue, 28 May 2013 13:01:08 GMT
      Content-Length:
      - '32'
      Connection:
      - Keep-Alive
      Set-Cookie:
      - _dummy_session=BAh7CEkiD3Nlc3Npb25faWQGOgZFRkkiJTViNjJiM2U4NjJhYjI5MWY3ZTZhNzhkOThjYThkZGJjBjsAVEkiJ3dhcmRlbi51c2VyLmxvY29tb3RpdmVfYWNjb3VudC5rZXkGOwBUWwdbBlU6Gk1vcGVkOjpCU09OOjpPYmplY3RJZCIRUaSW3h5mz%2Bb3AAABSSIZc0FaeVhzRHhyN1d6cnU1MzJLUEgGOwBUSSIKZmxhc2gGOwBGbzolQWN0aW9uRGlzcGF0Y2g6OkZsYXNoOjpGbGFzaEhhc2gJOgpAdXNlZG86CFNldAY6CkBoYXNoewA6DEBjbG9zZWRGOg1AZmxhc2hlc3sGOgtub3RpY2VJQzoeQWN0aXZlU3VwcG9ydDo6U2FmZUJ1ZmZlciIjSGFzaCB3YXMgc3VjY2Vzc2Z1bGx5IGNyZWF0ZWQuBzsAVDoPQGh0bWxfc2FmZVQ6CUBub3cw--3799790c8855c1cd4c6b6dae697be3972e261693;
        domain=.example.com; path=/; HttpOnly
    body:
      encoding: US-ASCII
      string: ! '{"token":"sqNuhpNxPhaKxN6z1qDs"}'
    http_version: 
  recorded_at: Tue, 28 May 2013 13:01:08 GMT
- request:
    method: get
    uri: http://sample.example.com:3000/locomotive/api/current_site.json?auth_token=sqNuhpNxPhaKxN6z1qDs
    body:
      encoding: US-ASCII
      string: ''
    headers: {}
  response:
    status:
      code: 200
      message: ! 'OK '
    headers:
      Content-Type:
      - application/json; charset=utf-8
      X-Ua-Compatible:
      - IE=Edge
      Etag:
      - ! '"c3dad8271a442cf9fccf37628b5bd184"'
      Cache-Control:
      - max-age=0, private, must-revalidate
      X-Request-Id:
      - 1518864512419c3851bcab6a92a18d4d
      X-Runtime:
      - '0.015005'
      Server:
      - WEBrick/1.3.1 (Ruby/1.9.3/2013-02-22)
      Date:
      - Tue, 28 May 2013 13:01:08 GMT
      Content-Length:
      - '680'
      Connection:
      - Keep-Alive
      Set-Cookie:
      - _dummy_session=BAh7B0kiD3Nlc3Npb25faWQGOgZFRkkiJWU1YmQ0NzAxNTFhNjIyNWY5N2FhYWVhY2UxZjdkMTg5BjsAVEkiJ3dhcmRlbi51c2VyLmxvY29tb3RpdmVfYWNjb3VudC5rZXkGOwBUWwdbBlU6Gk1vcGVkOjpCU09OOjpPYmplY3RJZCIRUaSW3h5mz%2Bb3AAABSSIZc0FaeVhzRHhyN1d6cnU1MzJLUEgGOwBU--78eeb704086c3d2fb2ad97596fbfb8b934c84df9;
        domain=.example.com; path=/; HttpOnly
    body:
      encoding: US-ASCII
      string: ! '{"id":"51a4aa621e66cf026e000173","_id":"51a4aa621e66cf026e000173","created_at":"2013-05-28T13:00:18Z","updated_at":"2013-05-28T13:00:18Z","name":"Sample
        website","locales":["en","fr","nb"],"subdomain":"sample","domains":["sample.example.com"],"domains_without_subdomain":[],"domain_name":"example.com","memberships":[{"id":"51a4aa621e66cf026e000174","_id":"51a4aa621e66cf026e000174","role":"admin","role_name":"Administrator","can_update":false,"grant_admin":true,"account_id":"51a496de1e66cfe6f7000001","name":"Admin","email":"admin@locomotivecms.com"}],"seo_title":"A
        simple LocomotiveCMS website","meta_keywords":"some meta keywords","meta_description":"some
        meta description"}'
    http_version: 
  recorded_at: Tue, 28 May 2013 13:01:08 GMT
- request:
    method: get
    uri: http://sample.example.com:3000/locomotive/api/current_site.json?auth_token=sqNuhpNxPhaKxN6z1qDs&locale=fr
    body:
      encoding: US-ASCII
      string: ''
    headers: {}
  response:
    status:
      code: 200
      message: ! 'OK '
    headers:
      Content-Type:
      - application/json; charset=utf-8
      X-Ua-Compatible:
      - IE=Edge
      Etag:
      - ! '"0b4fb45150b090d505fadb02328ee02c"'
      Cache-Control:
      - max-age=0, private, must-revalidate
      X-Request-Id:
      - 566a129575a227dfa01c844c6611c9c7
      X-Runtime:
      - '0.015670'
      Server:
      - WEBrick/1.3.1 (Ruby/1.9.3/2013-02-22)
      Date:
      - Tue, 28 May 2013 13:01:08 GMT
      Content-Length:
      - '683'
      Connection:
      - Keep-Alive
      Set-Cookie:
      - _dummy_session=BAh7B0kiD3Nlc3Npb25faWQGOgZFRkkiJTM3NGQxYzFjMjZkNGM3MmU1ZDg5MTU5YWFiNjQwOTk4BjsAVEkiJ3dhcmRlbi51c2VyLmxvY29tb3RpdmVfYWNjb3VudC5rZXkGOwBUWwdbBlU6Gk1vcGVkOjpCU09OOjpPYmplY3RJZCIRUaSW3h5mz%2Bb3AAABSSIZc0FaeVhzRHhyN1d6cnU1MzJLUEgGOwBU--0c51e5c64392536033d91d4cea10acd505c79ad7;
        domain=.example.com; path=/; HttpOnly
    body:
      encoding: US-ASCII
      string: ! '{"id":"51a4aa621e66cf026e000173","_id":"51a4aa621e66cf026e000173","created_at":"2013-05-28T13:00:18Z","updated_at":"2013-05-28T13:00:18Z","name":"Sample
        website","locales":["en","fr","nb"],"subdomain":"sample","domains":["sample.example.com"],"domains_without_subdomain":[],"domain_name":"example.com","memberships":[{"id":"51a4aa621e66cf026e000174","_id":"51a4aa621e66cf026e000174","role":"admin","role_name":"Administrateur","can_update":false,"grant_admin":true,"account_id":"51a496de1e66cfe6f7000001","name":"Admin","email":"admin@locomotivecms.com"}],"seo_title":"Un
        simple LocomotiveCMS site web","meta_keywords":"quelques mots cles","meta_description":"some
        meta description"}'
    http_version: 
  recorded_at: Tue, 28 May 2013 13:01:08 GMT
- request:
    method: get
    uri: http://sample.example.com:3000/locomotive/api/current_site.json?auth_token=sqNuhpNxPhaKxN6z1qDs&locale=nb
    body:
      encoding: US-ASCII
      string: ''
    headers: {}
  response:
    status:
      code: 200
      message: ! 'OK '
    headers:
      Content-Type:
      - application/json; charset=utf-8
      X-Ua-Compatible:
      - IE=Edge
      Etag:
      - ! '"c3dad8271a442cf9fccf37628b5bd184"'
      Cache-Control:
      - max-age=0, private, must-revalidate
      X-Request-Id:
      - 4cf67c97bc22b5206c274b8579490435
      X-Runtime:
      - '0.015125'
      Server:
      - WEBrick/1.3.1 (Ruby/1.9.3/2013-02-22)
      Date:
      - Tue, 28 May 2013 13:01:08 GMT
      Content-Length:
      - '680'
      Connection:
      - Keep-Alive
      Set-Cookie:
      - _dummy_session=BAh7B0kiD3Nlc3Npb25faWQGOgZFRkkiJTNjMTIxN2RhNTk1ZTFlOWI2OGM3Yzc0OGRkY2NiYmVlBjsAVEkiJ3dhcmRlbi51c2VyLmxvY29tb3RpdmVfYWNjb3VudC5rZXkGOwBUWwdbBlU6Gk1vcGVkOjpCU09OOjpPYmplY3RJZCIRUaSW3h5mz%2Bb3AAABSSIZc0FaeVhzRHhyN1d6cnU1MzJLUEgGOwBU--2eb218e5338d0646113b797fa902a3c2fe2740bb;
        domain=.example.com; path=/; HttpOnly
    body:
      encoding: US-ASCII
      string: ! '{"id":"51a4aa621e66cf026e000173","_id":"51a4aa621e66cf026e000173","created_at":"2013-05-28T13:00:18Z","updated_at":"2013-05-28T13:00:18Z","name":"Sample
        website","locales":["en","fr","nb"],"subdomain":"sample","domains":["sample.example.com"],"domains_without_subdomain":[],"domain_name":"example.com","memberships":[{"id":"51a4aa621e66cf026e000174","_id":"51a4aa621e66cf026e000174","role":"admin","role_name":"Administrator","can_update":false,"grant_admin":true,"account_id":"51a496de1e66cfe6f7000001","name":"Admin","email":"admin@locomotivecms.com"}],"seo_title":"A
        simple LocomotiveCMS website","meta_keywords":"some meta keywords","meta_description":"some
        meta description"}'
    http_version: 
  recorded_at: Tue, 28 May 2013 13:01:08 GMT
recorded_with: VCR 2.4.0
